****************************************
Report : qor
Design : riscv_core
Version: V-2023.12-SP3
Date   : Wed Jul 29 16:48:09 2026
****************************************
Information: Corner default: no PVT mismatches. (PVT-032)
Warning: Invalid user port delay or slew threshold setting, use default setting. (TIM-205)
Information: The stitching and editing of coupling caps is turned OFF for design 'riscv.dlib:riscv_core/initial_map.design'. (TIM-125)
Information: Design Average RC for design riscv_core  (NEX-011)
Information: r = 2.045109 ohm/um, via_r = 1.215187 ohm/cut, c = 0.141572 ff/um, cc = 0.000000 ff/um (X dir) (NEX-017)
Information: r = 2.637268 ohm/um, via_r = 0.938283 ohm/cut, c = 0.135605 ff/um, cc = 0.000000 ff/um (Y dir) (NEX-017)
Information: The RC mode used is VR for design 'riscv_core'. (NEX-022)
Information: Update timing completed net estimation for all the timing graph nets (TIM-111)
Information: Net estimation statistics: timing graph nets = 12323, routed nets = 0, across physical hierarchy nets = 0, parasitics cached nets = 12321, delay annotated nets = 0, parasitics annotated nets = 0, multi-voltage nets = 0. (TIM-112)
************************************************************
Timer Settings:
Delay Calculation Style:                   auto
Signal Integrity Analysis:                 disabled
Timing Window Analysis:                    disabled
Advanced Waveform Propagation:             disabled
Variation Type:                            fixed_derate
Clock Reconvergence Pessimism Removal:     disabled
Advanced Receiver Model:                   disabled
LLE:                                       disabled
ML Acceleration:                           off
************************************************************


Scenario           'default'
Timing Path Group  '**in2reg_default**'
----------------------------------------
Levels of Logic:                     87
Critical Path Length:              2.15
Critical Path Slack:               7.68
Critical Path Clk Period:         10.00
Total Negative Slack:              0.00
No. of Violating Paths:               0
----------------------------------------

Scenario           'default'
Timing Path Group  '**reg2out_default**'
----------------------------------------
Levels of Logic:                     23
Critical Path Length:              1.04
Critical Path Slack:               8.61
Critical Path Clk Period:         10.00
Total Negative Slack:              0.00
No. of Violating Paths:               0
----------------------------------------

Scenario           'default'
Timing Path Group  '**in2out_default**'
----------------------------------------
Levels of Logic:                     23
Critical Path Length:              1.05
Critical Path Slack:               8.60
Critical Path Clk Period:         10.00
Total Negative Slack:              0.00
No. of Violating Paths:               0
----------------------------------------

Scenario           'default'
Timing Path Group  'clk_i'
----------------------------------------
Levels of Logic:                     87
Critical Path Length:              2.06
Critical Path Slack:               7.77
Critical Path Clk Period:         10.00
Total Negative Slack:              0.00
No. of Violating Paths:               0
Worst Hold Violation:              0.00
Total Hold Violation:              0.00
No. of Hold Violations:               0
----------------------------------------


Cell Count
----------------------------------------
Hierarchical Cell Count:              0
Hierarchical Port Count:              0
Leaf Cell Count:                  11539
Buf/Inv Cell Count:                 866
Buf Cell Count:                       0
Inv Cell Count:                     866
Combinational Cell Count:          9220
   Single-bit Isolation Cell Count:                        0
   Multi-bit Isolation Cell Count:                         0
   Isolation Cell Banking Ratio:                           0.00%
   Single-bit Level Shifter Cell Count:                    0
   Multi-bit Level Shifter Cell Count:                     0
   Level Shifter Cell Banking Ratio:                       0.00%
   Single-bit ELS Cell Count:                              0
   Multi-bit ELS Cell Count:                               0
   ELS Cell Banking Ratio:                                 0.00%
Sequential Cell Count:             2319
   Integrated Clock-Gating Cell Count:                     0
   Sequential Macro Cell Count:                            0
   Single-bit Sequential Cell Count:                       2319
   Multi-bit Sequential Cell Count:                        0
   Sequential Cell Banking Ratio:                          0.00%
   BitsPerflop:                                            1.00
Macro Count:                          0
----------------------------------------


Area
----------------------------------------
Combinational Area:             3709.04
Noncombinational Area:          2844.89
Buf/Inv Area:                    185.90
Total Buffer Area:                 0.00
Total Inverter Area:             185.90
Macro/Black Box Area:              0.00
Net Area:                             0
Net XLength:                   70931.93
Net YLength:                   68197.23
----------------------------------------
Cell Area (netlist):                           6553.93
Cell Area (netlist and physical only):         6553.93
Net Length:                   139129.15


Design Rules
----------------------------------------
Total Number of Nets:             12325
Nets with Violations:              4533
Max Trans Violations:                 1
Max Cap Violations:                   1
----------------------------------------

1
