Warning: Cell contains tie connections which are not connected to real PG. (ZRT-511)
Cell Min-Routing-Layer = M2
Cell Max-Routing-Layer = MRDL
Turn off antenna since no rule is specified
Information: Option route.detail.force_end_on_preferred_grid will be ignored since none of the layers have preferred grid. (ZRT-703)
Warning: Cannot find a default contact code for layer VIA0. (ZRT-022)
Warning: Port VDD of cell riscv_core is unplaced.  This may impact routing result. (ZRT-740)
Warning: Port VSS of cell riscv_core is unplaced.  This may impact routing result. (ZRT-740)
Warning: Ignore 2 top cell ports with no pins. (ZRT-027)
Info: number of net_type_blockage: 0 
Information: Via ladder engine would be activated for pattern must join connection in certain commands. Please refer to man-page for the command list. (ZRT-619)
Via on layer (VIA1) needs more than one tracks
Warning: Layer M1 default pitch 0.074 may be too small to handle up/down via. Note, that minimum requirements are "wire/via-down 0.074" & "wire/via-up 0.078". (ZRT-026)
Via on layer (VIA1) needs more than one tracks
Warning: Layer M2 default pitch 0.060 may be too small to handle up/down via. Note, that minimum requirements are "wire/via-down 0.078" & "wire/via-up 0.060". (ZRT-026)
Via on layer (VIA4) needs more than one tracks
Warning: Layer M5 default pitch 0.100 may be too small to handle up/down via. Note, that minimum requirements are "wire/via-down 0.120" & "wire/via-up 0.100". (ZRT-026)
Via on layer (VIA7) needs more than one tracks
Warning: Layer M7 default pitch 0.100 may be too small to handle up/down via. Note, that minimum requirements are "wire/via-down 0.100" & "wire/via-up 0.102". (ZRT-026)
Via on layer (VIA7) needs more than one tracks
Warning: Layer M8 default pitch 0.100 may be too small to handle up/down via. Note, that minimum requirements are "wire/via-down 0.102" & "wire/via-up 0.100". (ZRT-026)
Via on layer (VIARDL) needs more than one tracks
Warning: Layer M9 default pitch 0.100 may be too small to handle up/down via. Note, that minimum requirements are "wire/via-down 0.100" & "wire/via-up 1.570". (ZRT-026)
Via on layer (VIARDL) needs more than one tracks
Warning: Layer MRDL default pitch 4.000 may be too small to handle up/down via. Note, that minimum requirements are "wire/via-down 4.500" & "wire/via-up 4.000". (ZRT-026)
Information: When applicable Min-max layer allow_pin_connection mode will allow paths of length 1.35 outside the layer range. (ZRT-707)
Information: When applicable Min-max layer allow_pin_connection mode will allow paths of length 1.35 outside the layer range on clock nets. (ZRT-718)
Information: When applicable layer based tapering will taper up to 0.00 in distance from the pin. (ZRT-706)


Start checking for open nets ... 

Total number of nets = 12580, of which 0 are not extracted
Total number of open nets = 0, of which 0 are frozen

Check 12580 nets, 0 have Errors

[CHECK OPEN NETS] Elapsed real time: 0:00:00 
[CHECK OPEN NETS] Elapsed cpu  time: sys=0:00:00 usr=0:00:00 total=0:00:00
[CHECK OPEN NETS] Stage (MB): Used    0  Alloctr    0  Proc    0 
[CHECK OPEN NETS] Total (MB): Used   73  Alloctr   74  Proc 9345 
Printing options for 'route.common.*'
common.eco_route_fix_existing_drc                       :	 true                
common.via_on_grid_by_layer_name                        :	 {VIA1 false} {VIA2 true}
common.wire_on_grid_by_layer_name                       :	 {M1 true} {M2 true} {M3 true}

Printing options for 'route.detail.*'
detail.antenna                                          :	 true                
detail.eco_route_use_soft_spacing_for_timing_optimization:	 true                

Printing options for 'route.auto_via_ladder.*'


Begin full DRC check ...

Information: Using 1 threads for routing. (ZRT-444)
Checked	1/25 Partitions, Violations =	0
Checked	2/25 Partitions, Violations =	0
Checked	3/25 Partitions, Violations =	0
Checked	4/25 Partitions, Violations =	0
Checked	5/25 Partitions, Violations =	0
Checked	6/25 Partitions, Violations =	0
Checked	7/25 Partitions, Violations =	0
Checked	8/25 Partitions, Violations =	0
Checked	9/25 Partitions, Violations =	0
Checked	10/25 Partitions, Violations =	0
Checked	11/25 Partitions, Violations =	0
Checked	12/25 Partitions, Violations =	0
Checked	13/25 Partitions, Violations =	0
Checked	14/25 Partitions, Violations =	0
Checked	15/25 Partitions, Violations =	0
Checked	16/25 Partitions, Violations =	0
Checked	17/25 Partitions, Violations =	0
Checked	18/25 Partitions, Violations =	0
Checked	19/25 Partitions, Violations =	0
Checked	20/25 Partitions, Violations =	0
Checked	21/25 Partitions, Violations =	0
Checked	22/25 Partitions, Violations =	0
Checked	23/25 Partitions, Violations =	0
Checked	24/25 Partitions, Violations =	0
Checked	25/25 Partitions, Violations =	0
[DRC CHECK] Elapsed real time: 0:00:07 
[DRC CHECK] Elapsed cpu  time: sys=0:00:00 usr=0:00:06 total=0:00:07
[DRC CHECK] Stage (MB): Used    0  Alloctr    0  Proc  132 
[DRC CHECK] Total (MB): Used  150  Alloctr  151  Proc 9550 
Warning: No antenna rules defined, Skip antenna analysis. (ZRT-309)

DRC-SUMMARY:
	@@@@@@@ TOTAL VIOLATIONS =	0


Total Wire Length =                    131837 micron
Total Number of Contacts =             123932
Total Number of Wires =                139496
Total Number of PtConns =              16421
Total Number of Routed Wires =       139358
Total Routed Wire Length =           130812 micron
Total Number of Routed Contacts =       123932
	Layer              M1 :        123 micron
	Layer              M2 :      33675 micron
	Layer              M3 :      44845 micron
	Layer              M4 :      27323 micron
	Layer              M5 :      21161 micron
	Layer              M6 :       2625 micron
	Layer              M7 :       1037 micron
	Layer              M8 :         23 micron
	Layer              M9 :          0 micron
	Layer            MRDL :          0 micron
	Via           VIA78SQ :          4
	Via         VIA67SQ_C :        116
	Via          VIA5SQ_C :        774
	Via   VIA5BAR2_C(rot) :         17
	Via            VIA4SQ :       3783
	Via    VIA3_34SQ(rot) :      14596
	Via         VIA2_Base :      60628
	Via         VIA23SQ_C :       1656
	Via       VIA2_33SQ_C :          1
	Via         VIA12SQ_C :          3
	Via    VIA12SQ_C(rot) :        189
	Via         VIA1_Base :      42165

 
Redundant via conversion report:
--------------------------------

  Total optimized via conversion rate =  0.00% (0 / 123932 vias)
 
    Layer VIA1       =  0.00% (0      / 42357   vias)
        Un-optimized =  0.00% (0       vias)
        Un-mapped    = 100.00% (42357   vias)
    Layer VIA2       =  0.00% (0      / 62285   vias)
        Un-optimized =  0.00% (0       vias)
        Un-mapped    = 100.00% (62285   vias)
    Layer VIA3       =  0.00% (0      / 14596   vias)
        Un-optimized =  0.00% (0       vias)
        Un-mapped    = 100.00% (14596   vias)
    Layer VIA4       =  0.00% (0      / 3783    vias)
        Un-optimized =  0.00% (0       vias)
        Un-mapped    = 100.00% (3783    vias)
    Layer VIA5       =  0.00% (0      / 791     vias)
        Un-optimized =  0.00% (0       vias)
        Un-mapped    = 100.00% (791     vias)
    Layer VIA6       =  0.00% (0      / 116     vias)
        Un-optimized =  0.00% (0       vias)
        Un-mapped    = 100.00% (116     vias)
    Layer VIA7       =  0.00% (0      / 4       vias)
        Un-optimized =  0.00% (0       vias)
        Un-mapped    = 100.00% (4       vias)
 
  Total double via conversion rate    =  0.00% (0 / 123932 vias)
 
    Layer VIA1       =  0.00% (0      / 42357   vias)
    Layer VIA2       =  0.00% (0      / 62285   vias)
    Layer VIA3       =  0.00% (0      / 14596   vias)
    Layer VIA4       =  0.00% (0      / 3783    vias)
    Layer VIA5       =  0.00% (0      / 791     vias)
    Layer VIA6       =  0.00% (0      / 116     vias)
    Layer VIA7       =  0.00% (0      / 4       vias)
 
  The optimized via conversion rate based on total routed via count =  0.00% (0 / 123932 vias)
 
    Layer VIA1       =  0.00% (0      / 42357   vias)
        Un-optimized =  0.00% (0       vias)
        Un-mapped    = 100.00% (42357   vias)
    Layer VIA2       =  0.00% (0      / 62285   vias)
        Un-optimized =  0.00% (0       vias)
        Un-mapped    = 100.00% (62285   vias)
    Layer VIA3       =  0.00% (0      / 14596   vias)
        Un-optimized =  0.00% (0       vias)
        Un-mapped    = 100.00% (14596   vias)
    Layer VIA4       =  0.00% (0      / 3783    vias)
        Un-optimized =  0.00% (0       vias)
        Un-mapped    = 100.00% (3783    vias)
    Layer VIA5       =  0.00% (0      / 791     vias)
        Un-optimized =  0.00% (0       vias)
        Un-mapped    = 100.00% (791     vias)
    Layer VIA6       =  0.00% (0      / 116     vias)
        Un-optimized =  0.00% (0       vias)
        Un-mapped    = 100.00% (116     vias)
    Layer VIA7       =  0.00% (0      / 4       vias)
        Un-optimized =  0.00% (0       vias)
        Un-mapped    = 100.00% (4       vias)
 


Verify Summary:

Total number of nets = 12580, of which 0 are not extracted
Total number of open nets = 0, of which 0 are frozen
Total number of excluded ports = 0 ports of 0 unplaced cells connected to 0 nets
                                 0 ports without pins of 0 cells connected to 0 nets
                                 0 ports of 0 cover cells connected to 0 non-pg nets
Total number of DRCs = 0
Total number of antenna violations = no antenna rules defined
Total number of tie to rail violations = not checked
Total number of tie to rail directly violations = not checked


