****************************************
Report : report_utilization
Design : riscv_core
Version: V-2023.12-SP3
Date   : Wed Jul 29 19:42:32 2026
****************************************
Utilization Ratio:			0.5915
Utilization options:
 - Area calculation based on:		site_row of block riscv_core/floorplan_pg_corrected
 - Categories of objects excluded:	hard_macros macro_keepouts soft_macros io_cells hard_blockages 
Total Area:				10908.5472
Total Capacity Area:			10908.5472
Total Area of cells:			6452.5188
Area of excluded objects:
 - hard_macros         :		0.0000
 - macro_keepouts      :		0.0000
 - soft_macros         :		0.0000
 - io_cells            :		0.0000
 - hard_blockages      :		0.0000
Total Area of excluded objects:		0.0000
Ratio of excluded objects:		0.0000

Utilization of site-rows with:
 - Site 'unit':				0.5915

0.5915
