****************************************
Report : clock timing
        -type skew
        -nworst 10
        -setup
Design : riscv_core
Version: V-2023.12-SP3
Date   : Wed Jul 29 20:30:04 2026
****************************************

  Mode: default
  Clock: clk_i

  Clock Pin                                          Latency      Skew             Corner
---------------------------------------------------------------------------------------------------
  u_issue/u_regfile/REGFILE.reg_r27_q_reg[19]/CK        0.09              rp-+    default
  u_csr/csr_wdata_e1_q_reg[19]/CK                       0.02      0.07    rp-+    default

  u_issue/u_regfile/REGFILE.reg_r29_q_reg[19]/CK        0.09              rp-+    default
  u_csr/csr_wdata_e1_q_reg[19]/CK                       0.02      0.07    rp-+    default

  u_issue/u_regfile/REGFILE.reg_r27_q_reg[18]/CK        0.09              rp-+    default
  u_csr/csr_wdata_e1_q_reg[18]/CK                       0.02      0.07    rp-+    default

  u_issue/u_regfile/REGFILE.reg_r2_q_reg[18]/CK         0.09              rp-+    default
  u_csr/csr_wdata_e1_q_reg[18]/CK                       0.02      0.07    rp-+    default

  u_issue/u_regfile/REGFILE.reg_r1_q_reg[18]/CK         0.09              rp-+    default
  u_csr/csr_wdata_e1_q_reg[18]/CK                       0.02      0.07    rp-+    default

  u_issue/u_regfile/REGFILE.reg_r4_q_reg[18]/CK         0.09              rp-+    default
  u_csr/csr_wdata_e1_q_reg[18]/CK                       0.02      0.07    rp-+    default

  u_issue/u_regfile/REGFILE.reg_r29_q_reg[18]/CK        0.09              rp-+    default
  u_csr/csr_wdata_e1_q_reg[18]/CK                       0.02      0.07    rp-+    default

  u_issue/u_regfile/REGFILE.reg_r28_q_reg[18]/CK        0.09              rp-+    default
  u_csr/csr_wdata_e1_q_reg[18]/CK                       0.02      0.07    rp-+    default

  u_issue/u_regfile/REGFILE.reg_r28_q_reg[19]/CK        0.09              rp-+    default
  u_csr/csr_wdata_e1_q_reg[19]/CK                       0.02      0.07    rp-+    default

  u_issue/u_regfile/REGFILE.reg_r27_q_reg[21]/CK        0.09              rp-+    default
  u_csr/csr_wdata_e1_q_reg[21]/CK                       0.02      0.07    rp-+    default

---------------------------------------------------------------------------------------------------
1
