Warning: Detected pins or ports without physical pin shapes. The first few such pins or ports are: mem_d_data_rd_i[31], mem_d_data_rd_i[30], mem_d_data_rd_i[29], mem_d_data_rd_i[28], mem_d_data_rd_i[27]. (DPPA-325)
****************************************
Report : qor
Design : riscv_core
Version: V-2023.12-SP3
Date   : Wed Jul 29 16:38:26 2026
****************************************
Information: Corner default: no PVT mismatches. (PVT-032)
Warning: Invalid user port delay or slew threshold setting, use default setting. (TIM-205)
Information: The stitching and editing of coupling caps is turned OFF for design 'riscv.dlib:riscv_core/rtl_read.design'. (TIM-125)
Warning: No physical information exists for design 'riscv_core'. Zero interconnect delay is used in timing analysis. (TIM-101)
Warning: The extractor can not be initialized for design 'riscv_core'. Zero interconnect delay is used in timing analysis. (TIM-102)
Warning: Batch extraction is skipped for block "riscv_core"
Information: Update timing completed net estimation for all the timing graph nets (TIM-111)
Information: Net estimation statistics: timing graph nets = 12631, routed nets = 0, across physical hierarchy nets = 0, parasitics cached nets = 0, delay annotated nets = 0, parasitics annotated nets = 0, multi-voltage nets = 0. (TIM-112)
************************************************************
Timer Settings:
Delay Calculation Style:                   auto
Signal Integrity Analysis:                 disabled
Timing Window Analysis:                    disabled
Advanced Waveform Propagation:             disabled
Variation Type:                            fixed_derate
Clock Reconvergence Pessimism Removal:     disabled
Advanced Receiver Model:                   disabled
LLE:                                       disabled
ML Acceleration:                           off
************************************************************


Scenario           'default'
Timing Path Group  '**in2reg_default**'
----------------------------------------
Levels of Logic:                     89
Critical Path Length:              3.64
Critical Path Slack:               6.19
Critical Path Clk Period:         10.00
Total Negative Slack:              0.00
No. of Violating Paths:               0
----------------------------------------

Scenario           'default'
Timing Path Group  '**reg2out_default**'
----------------------------------------
Levels of Logic:                     15
Critical Path Length:              2.68
Critical Path Slack:               6.97
Critical Path Clk Period:         10.00
Total Negative Slack:              0.00
No. of Violating Paths:               0
----------------------------------------

Scenario           'default'
Timing Path Group  '**in2out_default**'
----------------------------------------
Levels of Logic:                     15
Critical Path Length:              2.82
Critical Path Slack:               6.83
Critical Path Clk Period:         10.00
Total Negative Slack:              0.00
No. of Violating Paths:               0
----------------------------------------

Scenario           'default'
Timing Path Group  'clk_i'
----------------------------------------
Levels of Logic:                     89
Critical Path Length:              3.50
Critical Path Slack:               6.33
Critical Path Clk Period:         10.00
Total Negative Slack:              0.00
No. of Violating Paths:               0
Worst Hold Violation:              0.00
Total Hold Violation:              0.00
No. of Hold Violations:               0
----------------------------------------


Cell Count
----------------------------------------
Hierarchical Cell Count:             15
Hierarchical Port Count:           1530
Leaf Cell Count:                  11837
Buf/Inv Cell Count:                1074
Buf Cell Count:                       0
Inv Cell Count:                    1074
Combinational Cell Count:          9518
   Single-bit Isolation Cell Count:                        0
   Multi-bit Isolation Cell Count:                         0
   Isolation Cell Banking Ratio:                           0.00%
   Single-bit Level Shifter Cell Count:                    0
   Multi-bit Level Shifter Cell Count:                     0
   Level Shifter Cell Banking Ratio:                       0.00%
   Single-bit ELS Cell Count:                              0
   Multi-bit ELS Cell Count:                               0
   ELS Cell Banking Ratio:                                 0.00%
Sequential Cell Count:             2319
   Integrated Clock-Gating Cell Count:                     0
   Sequential Macro Cell Count:                            0
   Single-bit Sequential Cell Count:                       2319
   Multi-bit Sequential Cell Count:                        0
   Sequential Cell Banking Ratio:                          0.00%
   BitsPerflop:                                            1.00
Macro Count:                          0
----------------------------------------


Area
----------------------------------------
Combinational Area:             3583.92
Noncombinational Area:          2815.45
Buf/Inv Area:                    190.74
Total Buffer Area:                 0.00
Total Inverter Area:             190.74
Macro/Black Box Area:              0.00
Net Area:                             0
Net XLength:                    7098.12
Net YLength:                     690.79
----------------------------------------
Cell Area (netlist):                           6399.37
Cell Area (netlist and physical only):         6399.37
Net Length:                     7788.91


Design Rules
----------------------------------------
Total Number of Nets:             12635
Nets with Violations:              7685
Max Trans Violations:                 2
Max Cap Violations:                   2
----------------------------------------

1
