****************************************
Report : qor
Design : riscv_core
Version: V-2023.12-SP3
Date   : Wed Jul 29 19:42:32 2026
****************************************
Warning: Invalid user port delay or slew threshold setting, use default setting. (TIM-205)


Scenario           'default'
Timing Path Group  '**in2reg_default**'
----------------------------------------
Levels of Logic:                     86
Critical Path Length:              2.80
Critical Path Slack:               7.03
Critical Path Clk Period:         10.00
Total Negative Slack:              0.00
No. of Violating Paths:               0
----------------------------------------

Scenario           'default'
Timing Path Group  '**reg2out_default**'
----------------------------------------
Levels of Logic:                     24
Critical Path Length:              1.72
Critical Path Slack:               7.93
Critical Path Clk Period:         10.00
Total Negative Slack:              0.00
No. of Violating Paths:               0
----------------------------------------

Scenario           'default'
Timing Path Group  '**in2out_default**'
----------------------------------------
Levels of Logic:                     22
Critical Path Length:              1.46
Critical Path Slack:               8.19
Critical Path Clk Period:         10.00
Total Negative Slack:              0.00
No. of Violating Paths:               0
----------------------------------------

Scenario           'default'
Timing Path Group  'clk_i'
----------------------------------------
Levels of Logic:                     86
Critical Path Length:              2.94
Critical Path Slack:               6.88
Critical Path Clk Period:         10.00
Total Negative Slack:              0.00
No. of Violating Paths:               0
Worst Hold Violation:              0.00
Total Hold Violation:              0.00
No. of Hold Violations:               0
----------------------------------------


Cell Count
----------------------------------------
Hierarchical Cell Count:              0
Hierarchical Port Count:              0
Leaf Cell Count:                  11781
Buf/Inv Cell Count:                 926
Buf Cell Count:                      80
Inv Cell Count:                     846
Combinational Cell Count:          9462
   Single-bit Isolation Cell Count:                        0
   Multi-bit Isolation Cell Count:                         0
   Isolation Cell Banking Ratio:                           0.00%
   Single-bit Level Shifter Cell Count:                    0
   Multi-bit Level Shifter Cell Count:                     0
   Level Shifter Cell Banking Ratio:                       0.00%
   Single-bit ELS Cell Count:                              0
   Multi-bit ELS Cell Count:                               0
   ELS Cell Banking Ratio:                                 0.00%
Sequential Cell Count:             2319
   Integrated Clock-Gating Cell Count:                     0
   Sequential Macro Cell Count:                            0
   Single-bit Sequential Cell Count:                       2319
   Multi-bit Sequential Cell Count:                        0
   Sequential Cell Banking Ratio:                          0.00%
   BitsPerflop:                                            1.00
Macro Count:                          0
----------------------------------------


Area
----------------------------------------
Combinational Area:             3637.03
Noncombinational Area:          2815.49
Buf/Inv Area:                    171.56
Total Buffer Area:                21.31
Total Inverter Area:             150.25
Macro/Black Box Area:              0.00
Net Area:                             0
Net XLength:                   58338.81
Net YLength:                   65600.18
----------------------------------------
Cell Area (netlist):                           6452.52
Cell Area (netlist and physical only):         7005.39
Net Length:                   123939.00


Design Rules
----------------------------------------
Total Number of Nets:             12566
Nets with Violations:              4398
Max Trans Violations:                 0
Max Cap Violations:                   0
----------------------------------------

1
