****************************************
Report : timing
        -path_type full
        -delay_type min
        -max_paths 20
        -report_by design
Design : riscv_core
Version: V-2023.12-SP3
Date   : Wed Jul 29 20:25:42 2026
****************************************

  Startpoint: u_div/divisor_q_reg[25] (rising edge-triggered flip-flop clocked by clk_i)
  Endpoint: u_div/divisor_q_reg[24] (rising edge-triggered flip-flop clocked by clk_i)
  Mode: default
  Corner: default
  Scenario: default
  Path Group: clk_i
  Path Type: min

  Point                                            Incr      Path  
  ------------------------------------------------------------------------
  clock clk_i (rise edge)                          0.00      0.00
  clock network delay (propagated)                 0.02      0.02

  u_div/divisor_q_reg[25]/CK (SAEDHVT14_FSDPRBQ_V2_0P5)
                                                   0.00      0.02 r
  u_div/divisor_q_reg[25]/Q (SAEDHVT14_FSDPRBQ_V2_0P5)
                                                   0.05      0.08 f
  ctmi_46498/X (SAEDHVT14_AO22_0P5)                0.02      0.10 f
  u_div/divisor_q_reg[24]/D (SAEDHVT14_FSDPRBQ_V2_0P5)
                                                   0.00      0.10 f
  data arrival time                                          0.10

  clock clk_i (rise edge)                          0.00      0.00
  clock network delay (propagated)                 0.06      0.06
  u_div/divisor_q_reg[24]/CK (SAEDHVT14_FSDPRBQ_V2_0P5)
                                                   0.00      0.06 r
  library hold time                                0.01      0.07
  data required time                                         0.07
  ------------------------------------------------------------------------
  data required time                                         0.07
  data arrival time                                         -0.10
  ------------------------------------------------------------------------
  slack (MET)                                                0.03



  Startpoint: u_div/divisor_q_reg[13] (rising edge-triggered flip-flop clocked by clk_i)
  Endpoint: u_div/divisor_q_reg[12] (rising edge-triggered flip-flop clocked by clk_i)
  Mode: default
  Corner: default
  Scenario: default
  Path Group: clk_i
  Path Type: min

  Point                                            Incr      Path  
  ------------------------------------------------------------------------
  clock clk_i (rise edge)                          0.00      0.00
  clock network delay (propagated)                 0.02      0.02

  u_div/divisor_q_reg[13]/CK (SAEDHVT14_FSDPRBQ_V2_0P5)
                                                   0.00      0.02 r
  u_div/divisor_q_reg[13]/Q (SAEDHVT14_FSDPRBQ_V2_0P5)
                                                   0.06      0.08 f
  ctmi_46510/X (SAEDHVT14_AO22_0P5)                0.02      0.10 f
  u_div/divisor_q_reg[12]/D (SAEDHVT14_FSDPRBQ_V2_0P5)
                                                   0.00      0.10 f
  data arrival time                                          0.10

  clock clk_i (rise edge)                          0.00      0.00
  clock network delay (propagated)                 0.06      0.06
  u_div/divisor_q_reg[12]/CK (SAEDHVT14_FSDPRBQ_V2_0P5)
                                                   0.00      0.06 r
  library hold time                                0.01      0.07
  data required time                                         0.07
  ------------------------------------------------------------------------
  data required time                                         0.07
  data arrival time                                         -0.10
  ------------------------------------------------------------------------
  slack (MET)                                                0.04



  Startpoint: u_div/q_mask_q_reg[20] (rising edge-triggered flip-flop clocked by clk_i)
  Endpoint: u_div/q_mask_q_reg[19] (rising edge-triggered flip-flop clocked by clk_i)
  Mode: default
  Corner: default
  Scenario: default
  Path Group: clk_i
  Path Type: min

  Point                                            Incr      Path  
  ------------------------------------------------------------------------
  clock clk_i (rise edge)                          0.00      0.00
  clock network delay (propagated)                 0.03      0.03

  u_div/q_mask_q_reg[20]/CK (SAEDHVT14_FSDPRBQ_V2_0P5)
                                                   0.00      0.03 r
  u_div/q_mask_q_reg[20]/Q (SAEDHVT14_FSDPRBQ_V2_0P5)
                                                   0.05      0.08 f
  ctmi_2860/X (SAEDHVT14_AO22_0P5)                 0.02      0.10 f
  u_div/q_mask_q_reg[19]/D (SAEDHVT14_FSDPRBQ_V2_0P5)
                                                   0.00      0.10 f
  data arrival time                                          0.10

  clock clk_i (rise edge)                          0.00      0.00
  clock network delay (propagated)                 0.06      0.06
  u_div/q_mask_q_reg[19]/CK (SAEDHVT14_FSDPRBQ_V2_0P5)
                                                   0.00      0.06 r
  library hold time                                0.01      0.07
  data required time                                         0.07
  ------------------------------------------------------------------------
  data required time                                         0.07
  data arrival time                                         -0.10
  ------------------------------------------------------------------------
  slack (MET)                                                0.04



  Startpoint: u_issue/u_pipe_ctrl/csr_wdata_e2_q_reg[21] (rising edge-triggered flip-flop clocked by clk_i)
  Endpoint: u_issue/u_pipe_ctrl/csr_wdata_wb_q_reg[21] (rising edge-triggered flip-flop clocked by clk_i)
  Mode: default
  Corner: default
  Scenario: default
  Path Group: clk_i
  Path Type: min

  Point                                            Incr      Path  
  ------------------------------------------------------------------------
  clock clk_i (rise edge)                          0.00      0.00
  clock network delay (propagated)                 0.04      0.04

  u_issue/u_pipe_ctrl/csr_wdata_e2_q_reg[21]/CK (SAEDHVT14_FSDPRBQ_V2_0P5)
                                                   0.00      0.04 r
  u_issue/u_pipe_ctrl/csr_wdata_e2_q_reg[21]/Q (SAEDHVT14_FSDPRBQ_V2_0P5)
                                                   0.05      0.09 f
  ctmi_49051/X (SAEDRVT14_OA22_U_0P5)              0.02      0.11 f
  u_issue/u_pipe_ctrl/csr_wdata_wb_q_reg[21]/D (SAEDHVT14_FSDPRBQ_V2_0P5)
                                                   0.00      0.11 f
  data arrival time                                          0.11

  clock clk_i (rise edge)                          0.00      0.00
  clock network delay (propagated)                 0.06      0.06
  u_issue/u_pipe_ctrl/csr_wdata_wb_q_reg[21]/CK (SAEDHVT14_FSDPRBQ_V2_0P5)
                                                   0.00      0.06 r
  library hold time                                0.01      0.07
  data required time                                         0.07
  ------------------------------------------------------------------------
  data required time                                         0.07
  data arrival time                                         -0.11
  ------------------------------------------------------------------------
  slack (MET)                                                0.04



  Startpoint: u_div/q_mask_q_reg[21] (rising edge-triggered flip-flop clocked by clk_i)
  Endpoint: u_div/quotient_q_reg[21] (rising edge-triggered flip-flop clocked by clk_i)
  Mode: default
  Corner: default
  Scenario: default
  Path Group: clk_i
  Path Type: min

  Point                                            Incr      Path  
  ------------------------------------------------------------------------
  clock clk_i (rise edge)                          0.00      0.00
  clock network delay (propagated)                 0.03      0.03

  u_div/q_mask_q_reg[21]/CK (SAEDHVT14_FSDPRBQ_V2_0P5)
                                                   0.00      0.03 r
  u_div/q_mask_q_reg[21]/Q (SAEDHVT14_FSDPRBQ_V2_0P5)
                                                   0.05      0.08 f
  phfnr_buf_4515/X (SAEDHVT14_INV_0P5)             0.01      0.09 r
  ctmi_46299/X (SAEDHVT14_OAI22_0P5)               0.01      0.10 f
  u_div/quotient_q_reg[21]/D (SAEDHVT14_FSDPRBQ_V2_0P5)
                                                   0.00      0.10 f
  data arrival time                                          0.10

  clock clk_i (rise edge)                          0.00      0.00
  clock network delay (propagated)                 0.06      0.06
  u_div/quotient_q_reg[21]/CK (SAEDHVT14_FSDPRBQ_V2_0P5)
                                                   0.00      0.06 r
  library hold time                                0.00      0.06
  data required time                                         0.06
  ------------------------------------------------------------------------
  data required time                                         0.06
  data arrival time                                         -0.10
  ------------------------------------------------------------------------
  slack (MET)                                                0.04



  Startpoint: u_issue/u_regfile/REGFILE.reg_r25_q_reg[27] (rising edge-triggered flip-flop clocked by clk_i)
  Endpoint: u_issue/u_regfile/REGFILE.reg_r25_q_reg[27] (rising edge-triggered flip-flop clocked by clk_i)
  Mode: default
  Corner: default
  Scenario: default
  Path Group: clk_i
  Path Type: min

  Point                                            Incr      Path  
  ------------------------------------------------------------------------
  clock clk_i (rise edge)                          0.00      0.00
  clock network delay (propagated)                 0.09      0.09

  u_issue/u_regfile/REGFILE.reg_r25_q_reg[27]/CK (SAEDHVT14_FSDP_V2LP_1)
                                                   0.00      0.09 r
  u_issue/u_regfile/REGFILE.reg_r25_q_reg[27]/QN (SAEDHVT14_FSDP_V2LP_1)
                                                   0.04      0.14 r
  ctmi_47887/X (SAEDHVT14_OAI22_0P5)               0.01      0.15 f
  u_issue/u_regfile/REGFILE.reg_r25_q_reg[27]/D (SAEDHVT14_FSDP_V2LP_1)
                                                   0.00      0.15 f
  data arrival time                                          0.15

  clock clk_i (rise edge)                          0.00      0.00
  clock network delay (propagated)                 0.09      0.09
  u_issue/u_regfile/REGFILE.reg_r25_q_reg[27]/CK (SAEDHVT14_FSDP_V2LP_1)
                                                   0.00      0.09 r
  library hold time                                0.01      0.11
  data required time                                         0.11
  ------------------------------------------------------------------------
  data required time                                         0.11
  data arrival time                                         -0.15
  ------------------------------------------------------------------------
  slack (MET)                                                0.04



  Startpoint: u_issue/u_regfile/REGFILE.reg_r25_q_reg[31] (rising edge-triggered flip-flop clocked by clk_i)
  Endpoint: u_issue/u_regfile/REGFILE.reg_r25_q_reg[31] (rising edge-triggered flip-flop clocked by clk_i)
  Mode: default
  Corner: default
  Scenario: default
  Path Group: clk_i
  Path Type: min

  Point                                            Incr      Path  
  ------------------------------------------------------------------------
  clock clk_i (rise edge)                          0.00      0.00
  clock network delay (propagated)                 0.09      0.09

  u_issue/u_regfile/REGFILE.reg_r25_q_reg[31]/CK (SAEDHVT14_FSDP_V2LP_1)
                                                   0.00      0.09 r
  u_issue/u_regfile/REGFILE.reg_r25_q_reg[31]/QN (SAEDHVT14_FSDP_V2LP_1)
                                                   0.04      0.14 r
  ctmi_47877/X (SAEDHVT14_OAI22_0P5)               0.01      0.15 f
  u_issue/u_regfile/REGFILE.reg_r25_q_reg[31]/D (SAEDHVT14_FSDP_V2LP_1)
                                                   0.00      0.15 f
  data arrival time                                          0.15

  clock clk_i (rise edge)                          0.00      0.00
  clock network delay (propagated)                 0.09      0.09
  u_issue/u_regfile/REGFILE.reg_r25_q_reg[31]/CK (SAEDHVT14_FSDP_V2LP_1)
                                                   0.00      0.09 r
  library hold time                                0.01      0.11
  data required time                                         0.11
  ------------------------------------------------------------------------
  data required time                                         0.11
  data arrival time                                         -0.15
  ------------------------------------------------------------------------
  slack (MET)                                                0.04



  Startpoint: u_issue/u_regfile/REGFILE.reg_r25_q_reg[21] (rising edge-triggered flip-flop clocked by clk_i)
  Endpoint: u_issue/u_regfile/REGFILE.reg_r25_q_reg[21] (rising edge-triggered flip-flop clocked by clk_i)
  Mode: default
  Corner: default
  Scenario: default
  Path Group: clk_i
  Path Type: min

  Point                                            Incr      Path  
  ------------------------------------------------------------------------
  clock clk_i (rise edge)                          0.00      0.00
  clock network delay (propagated)                 0.07      0.07

  u_issue/u_regfile/REGFILE.reg_r25_q_reg[21]/CK (SAEDHVT14_FSDP_V2LP_1)
                                                   0.00      0.07 r
  u_issue/u_regfile/REGFILE.reg_r25_q_reg[21]/QN (SAEDHVT14_FSDP_V2LP_1)
                                                   0.04      0.12 r
  ctmi_47899/X (SAEDHVT14_OAI22_0P5)               0.01      0.13 f
  u_issue/u_regfile/REGFILE.reg_r25_q_reg[21]/D (SAEDHVT14_FSDP_V2LP_1)
                                                   0.00      0.13 f
  data arrival time                                          0.13

  clock clk_i (rise edge)                          0.00      0.00
  clock network delay (propagated)                 0.08      0.08
  u_issue/u_regfile/REGFILE.reg_r25_q_reg[21]/CK (SAEDHVT14_FSDP_V2LP_1)
                                                   0.00      0.08 r
  library hold time                                0.01      0.09
  data required time                                         0.09
  ------------------------------------------------------------------------
  data required time                                         0.09
  data arrival time                                         -0.13
  ------------------------------------------------------------------------
  slack (MET)                                                0.04



  Startpoint: u_issue/u_regfile/REGFILE.reg_r25_q_reg[19] (rising edge-triggered flip-flop clocked by clk_i)
  Endpoint: u_issue/u_regfile/REGFILE.reg_r25_q_reg[19] (rising edge-triggered flip-flop clocked by clk_i)
  Mode: default
  Corner: default
  Scenario: default
  Path Group: clk_i
  Path Type: min

  Point                                            Incr      Path  
  ------------------------------------------------------------------------
  clock clk_i (rise edge)                          0.00      0.00
  clock network delay (propagated)                 0.07      0.07

  u_issue/u_regfile/REGFILE.reg_r25_q_reg[19]/CK (SAEDHVT14_FSDP_V2LP_1)
                                                   0.00      0.07 r
  u_issue/u_regfile/REGFILE.reg_r25_q_reg[19]/QN (SAEDHVT14_FSDP_V2LP_1)
                                                   0.04      0.11 r
  ctmi_47903/X (SAEDHVT14_OAI22_0P5)               0.01      0.13 f
  u_issue/u_regfile/REGFILE.reg_r25_q_reg[19]/D (SAEDHVT14_FSDP_V2LP_1)
                                                   0.00      0.13 f
  data arrival time                                          0.13

  clock clk_i (rise edge)                          0.00      0.00
  clock network delay (propagated)                 0.08      0.08
  u_issue/u_regfile/REGFILE.reg_r25_q_reg[19]/CK (SAEDHVT14_FSDP_V2LP_1)
                                                   0.00      0.08 r
  library hold time                                0.01      0.09
  data required time                                         0.09
  ------------------------------------------------------------------------
  data required time                                         0.09
  data arrival time                                         -0.13
  ------------------------------------------------------------------------
  slack (MET)                                                0.04



  Startpoint: u_issue/u_regfile/REGFILE.reg_r25_q_reg[18] (rising edge-triggered flip-flop clocked by clk_i)
  Endpoint: u_issue/u_regfile/REGFILE.reg_r25_q_reg[18] (rising edge-triggered flip-flop clocked by clk_i)
  Mode: default
  Corner: default
  Scenario: default
  Path Group: clk_i
  Path Type: min

  Point                                            Incr      Path  
  ------------------------------------------------------------------------
  clock clk_i (rise edge)                          0.00      0.00
  clock network delay (propagated)                 0.07      0.07

  u_issue/u_regfile/REGFILE.reg_r25_q_reg[18]/CK (SAEDHVT14_FSDP_V2LP_1)
                                                   0.00      0.07 r
  u_issue/u_regfile/REGFILE.reg_r25_q_reg[18]/QN (SAEDHVT14_FSDP_V2LP_1)
                                                   0.04      0.11 r
  ctmi_47905/X (SAEDHVT14_OAI22_0P5)               0.01      0.13 f
  u_issue/u_regfile/REGFILE.reg_r25_q_reg[18]/D (SAEDHVT14_FSDP_V2LP_1)
                                                   0.00      0.13 f
  data arrival time                                          0.13

  clock clk_i (rise edge)                          0.00      0.00
  clock network delay (propagated)                 0.08      0.08
  u_issue/u_regfile/REGFILE.reg_r25_q_reg[18]/CK (SAEDHVT14_FSDP_V2LP_1)
                                                   0.00      0.08 r
  library hold time                                0.01      0.08
  data required time                                         0.08
  ------------------------------------------------------------------------
  data required time                                         0.08
  data arrival time                                         -0.13
  ------------------------------------------------------------------------
  slack (MET)                                                0.04



  Startpoint: u_issue/u_regfile/REGFILE.reg_r25_q_reg[22] (rising edge-triggered flip-flop clocked by clk_i)
  Endpoint: u_issue/u_regfile/REGFILE.reg_r25_q_reg[22] (rising edge-triggered flip-flop clocked by clk_i)
  Mode: default
  Corner: default
  Scenario: default
  Path Group: clk_i
  Path Type: min

  Point                                            Incr      Path  
  ------------------------------------------------------------------------
  clock clk_i (rise edge)                          0.00      0.00
  clock network delay (propagated)                 0.05      0.05

  u_issue/u_regfile/REGFILE.reg_r25_q_reg[22]/CK (SAEDHVT14_FSDP_V2LP_1)
                                                   0.00      0.05 r
  u_issue/u_regfile/REGFILE.reg_r25_q_reg[22]/QN (SAEDHVT14_FSDP_V2LP_1)
                                                   0.04      0.09 r
  ctmi_47897/X (SAEDHVT14_OAI22_0P5)               0.01      0.11 f
  u_issue/u_regfile/REGFILE.reg_r25_q_reg[22]/D (SAEDHVT14_FSDP_V2LP_1)
                                                   0.00      0.11 f
  data arrival time                                          0.11

  clock clk_i (rise edge)                          0.00      0.00
  clock network delay (propagated)                 0.05      0.05
  u_issue/u_regfile/REGFILE.reg_r25_q_reg[22]/CK (SAEDHVT14_FSDP_V2LP_1)
                                                   0.00      0.05 r
  library hold time                                0.01      0.06
  data required time                                         0.06
  ------------------------------------------------------------------------
  data required time                                         0.06
  data arrival time                                         -0.11
  ------------------------------------------------------------------------
  slack (MET)                                                0.04



  Startpoint: u_issue/u_regfile/REGFILE.reg_r25_q_reg[30] (rising edge-triggered flip-flop clocked by clk_i)
  Endpoint: u_issue/u_regfile/REGFILE.reg_r25_q_reg[30] (rising edge-triggered flip-flop clocked by clk_i)
  Mode: default
  Corner: default
  Scenario: default
  Path Group: clk_i
  Path Type: min

  Point                                            Incr      Path  
  ------------------------------------------------------------------------
  clock clk_i (rise edge)                          0.00      0.00
  clock network delay (propagated)                 0.09      0.09

  u_issue/u_regfile/REGFILE.reg_r25_q_reg[30]/CK (SAEDHVT14_FSDP_V2LP_1)
                                                   0.00      0.09 r
  u_issue/u_regfile/REGFILE.reg_r25_q_reg[30]/QN (SAEDHVT14_FSDP_V2LP_1)
                                                   0.04      0.14 r
  ctmi_47881/X (SAEDHVT14_OAI22_0P5)               0.01      0.15 f
  u_issue/u_regfile/REGFILE.reg_r25_q_reg[30]/D (SAEDHVT14_FSDP_V2LP_1)
                                                   0.00      0.15 f
  data arrival time                                          0.15

  clock clk_i (rise edge)                          0.00      0.00
  clock network delay (propagated)                 0.09      0.09
  u_issue/u_regfile/REGFILE.reg_r25_q_reg[30]/CK (SAEDHVT14_FSDP_V2LP_1)
                                                   0.00      0.09 r
  library hold time                                0.01      0.11
  data required time                                         0.11
  ------------------------------------------------------------------------
  data required time                                         0.11
  data arrival time                                         -0.15
  ------------------------------------------------------------------------
  slack (MET)                                                0.04



  Startpoint: u_issue/u_regfile/REGFILE.reg_r25_q_reg[28] (rising edge-triggered flip-flop clocked by clk_i)
  Endpoint: u_issue/u_regfile/REGFILE.reg_r25_q_reg[28] (rising edge-triggered flip-flop clocked by clk_i)
  Mode: default
  Corner: default
  Scenario: default
  Path Group: clk_i
  Path Type: min

  Point                                            Incr      Path  
  ------------------------------------------------------------------------
  clock clk_i (rise edge)                          0.00      0.00
  clock network delay (propagated)                 0.08      0.08

  u_issue/u_regfile/REGFILE.reg_r25_q_reg[28]/CK (SAEDHVT14_FSDP_V2LP_1)
                                                   0.00      0.08 r
  u_issue/u_regfile/REGFILE.reg_r25_q_reg[28]/QN (SAEDHVT14_FSDP_V2LP_1)
                                                   0.04      0.12 r
  ctmi_47885/X (SAEDHVT14_OAI22_0P5)               0.01      0.13 f
  u_issue/u_regfile/REGFILE.reg_r25_q_reg[28]/D (SAEDHVT14_FSDP_V2LP_1)
                                                   0.00      0.13 f
  data arrival time                                          0.13

  clock clk_i (rise edge)                          0.00      0.00
  clock network delay (propagated)                 0.08      0.08
  u_issue/u_regfile/REGFILE.reg_r25_q_reg[28]/CK (SAEDHVT14_FSDP_V2LP_1)
                                                   0.00      0.08 r
  library hold time                                0.01      0.09
  data required time                                         0.09
  ------------------------------------------------------------------------
  data required time                                         0.09
  data arrival time                                         -0.13
  ------------------------------------------------------------------------
  slack (MET)                                                0.04



  Startpoint: u_issue/u_regfile/REGFILE.reg_r25_q_reg[26] (rising edge-triggered flip-flop clocked by clk_i)
  Endpoint: u_issue/u_regfile/REGFILE.reg_r25_q_reg[26] (rising edge-triggered flip-flop clocked by clk_i)
  Mode: default
  Corner: default
  Scenario: default
  Path Group: clk_i
  Path Type: min

  Point                                            Incr      Path  
  ------------------------------------------------------------------------
  clock clk_i (rise edge)                          0.00      0.00
  clock network delay (propagated)                 0.06      0.06

  u_issue/u_regfile/REGFILE.reg_r25_q_reg[26]/CK (SAEDHVT14_FSDP_V2LP_1)
                                                   0.00      0.06 r
  u_issue/u_regfile/REGFILE.reg_r25_q_reg[26]/QN (SAEDHVT14_FSDP_V2LP_1)
                                                   0.04      0.10 r
  ctmi_47889/X (SAEDHVT14_OAI22_0P5)               0.01      0.11 f
  u_issue/u_regfile/REGFILE.reg_r25_q_reg[26]/D (SAEDHVT14_FSDP_V2LP_1)
                                                   0.00      0.11 f
  data arrival time                                          0.11

  clock clk_i (rise edge)                          0.00      0.00
  clock network delay (propagated)                 0.06      0.06
  u_issue/u_regfile/REGFILE.reg_r25_q_reg[26]/CK (SAEDHVT14_FSDP_V2LP_1)
                                                   0.00      0.06 r
  library hold time                                0.01      0.07
  data required time                                         0.07
  ------------------------------------------------------------------------
  data required time                                         0.07
  data arrival time                                         -0.11
  ------------------------------------------------------------------------
  slack (MET)                                                0.04



  Startpoint: u_issue/u_regfile/REGFILE.reg_r25_q_reg[23] (rising edge-triggered flip-flop clocked by clk_i)
  Endpoint: u_issue/u_regfile/REGFILE.reg_r25_q_reg[23] (rising edge-triggered flip-flop clocked by clk_i)
  Mode: default
  Corner: default
  Scenario: default
  Path Group: clk_i
  Path Type: min

  Point                                            Incr      Path  
  ------------------------------------------------------------------------
  clock clk_i (rise edge)                          0.00      0.00
  clock network delay (propagated)                 0.08      0.08

  u_issue/u_regfile/REGFILE.reg_r25_q_reg[23]/CK (SAEDHVT14_FSDP_V2LP_1)
                                                   0.00      0.08 r
  u_issue/u_regfile/REGFILE.reg_r25_q_reg[23]/QN (SAEDHVT14_FSDP_V2LP_1)
                                                   0.04      0.12 r
  ctmi_47895/X (SAEDHVT14_OAI22_0P5)               0.01      0.13 f
  u_issue/u_regfile/REGFILE.reg_r25_q_reg[23]/D (SAEDHVT14_FSDP_V2LP_1)
                                                   0.00      0.13 f
  data arrival time                                          0.13

  clock clk_i (rise edge)                          0.00      0.00
  clock network delay (propagated)                 0.08      0.08
  u_issue/u_regfile/REGFILE.reg_r25_q_reg[23]/CK (SAEDHVT14_FSDP_V2LP_1)
                                                   0.00      0.08 r
  library hold time                                0.01      0.09
  data required time                                         0.09
  ------------------------------------------------------------------------
  data required time                                         0.09
  data arrival time                                         -0.13
  ------------------------------------------------------------------------
  slack (MET)                                                0.04



  Startpoint: u_issue/u_regfile/REGFILE.reg_r25_q_reg[16] (rising edge-triggered flip-flop clocked by clk_i)
  Endpoint: u_issue/u_regfile/REGFILE.reg_r25_q_reg[16] (rising edge-triggered flip-flop clocked by clk_i)
  Mode: default
  Corner: default
  Scenario: default
  Path Group: clk_i
  Path Type: min

  Point                                            Incr      Path  
  ------------------------------------------------------------------------
  clock clk_i (rise edge)                          0.00      0.00
  clock network delay (propagated)                 0.06      0.06

  u_issue/u_regfile/REGFILE.reg_r25_q_reg[16]/CK (SAEDHVT14_FSDP_V2LP_1)
                                                   0.00      0.06 r
  u_issue/u_regfile/REGFILE.reg_r25_q_reg[16]/QN (SAEDHVT14_FSDP_V2LP_1)
                                                   0.04      0.10 r
  ctmi_47909/X (SAEDHVT14_OAI22_0P5)               0.01      0.11 f
  u_issue/u_regfile/REGFILE.reg_r25_q_reg[16]/D (SAEDHVT14_FSDP_V2LP_1)
                                                   0.00      0.11 f
  data arrival time                                          0.11

  clock clk_i (rise edge)                          0.00      0.00
  clock network delay (propagated)                 0.06      0.06
  u_issue/u_regfile/REGFILE.reg_r25_q_reg[16]/CK (SAEDHVT14_FSDP_V2LP_1)
                                                   0.00      0.06 r
  library hold time                                0.01      0.07
  data required time                                         0.07
  ------------------------------------------------------------------------
  data required time                                         0.07
  data arrival time                                         -0.11
  ------------------------------------------------------------------------
  slack (MET)                                                0.04



  Startpoint: u_issue/u_regfile/REGFILE.reg_r22_q_reg[4] (rising edge-triggered flip-flop clocked by clk_i)
  Endpoint: u_issue/u_regfile/REGFILE.reg_r22_q_reg[4] (rising edge-triggered flip-flop clocked by clk_i)
  Mode: default
  Corner: default
  Scenario: default
  Path Group: clk_i
  Path Type: min

  Point                                            Incr      Path  
  ------------------------------------------------------------------------
  clock clk_i (rise edge)                          0.00      0.00
  clock network delay (propagated)                 0.07      0.07

  u_issue/u_regfile/REGFILE.reg_r22_q_reg[4]/CK (SAEDHVT14_FSDP_V2LP_1)
                                                   0.00      0.07 r
  u_issue/u_regfile/REGFILE.reg_r22_q_reg[4]/QN (SAEDHVT14_FSDP_V2LP_1)
                                                   0.04      0.11 r
  ctmi_47804/X (SAEDHVT14_OAI22_0P5)               0.01      0.13 f
  u_issue/u_regfile/REGFILE.reg_r22_q_reg[4]/D (SAEDHVT14_FSDP_V2LP_1)
                                                   0.00      0.13 f
  data arrival time                                          0.13

  clock clk_i (rise edge)                          0.00      0.00
  clock network delay (propagated)                 0.08      0.08
  u_issue/u_regfile/REGFILE.reg_r22_q_reg[4]/CK (SAEDHVT14_FSDP_V2LP_1)
                                                   0.00      0.08 r
  library hold time                                0.01      0.08
  data required time                                         0.08
  ------------------------------------------------------------------------
  data required time                                         0.08
  data arrival time                                         -0.13
  ------------------------------------------------------------------------
  slack (MET)                                                0.04



  Startpoint: u_issue/u_regfile/REGFILE.reg_r28_q_reg[22] (rising edge-triggered flip-flop clocked by clk_i)
  Endpoint: u_issue/u_regfile/REGFILE.reg_r28_q_reg[22] (rising edge-triggered flip-flop clocked by clk_i)
  Mode: default
  Corner: default
  Scenario: default
  Path Group: clk_i
  Path Type: min

  Point                                            Incr      Path  
  ------------------------------------------------------------------------
  clock clk_i (rise edge)                          0.00      0.00
  clock network delay (propagated)                 0.05      0.05

  u_issue/u_regfile/REGFILE.reg_r28_q_reg[22]/CK (SAEDHVT14_FSDP_V2LP_1)
                                                   0.00      0.05 r
  u_issue/u_regfile/REGFILE.reg_r28_q_reg[22]/QN (SAEDHVT14_FSDP_V2LP_1)
                                                   0.04      0.10 r
  ctmi_48006/X (SAEDHVT14_OAI22_0P5)               0.01      0.11 f
  u_issue/u_regfile/REGFILE.reg_r28_q_reg[22]/D (SAEDHVT14_FSDP_V2LP_1)
                                                   0.00      0.11 f
  data arrival time                                          0.11

  clock clk_i (rise edge)                          0.00      0.00
  clock network delay (propagated)                 0.05      0.05
  u_issue/u_regfile/REGFILE.reg_r28_q_reg[22]/CK (SAEDHVT14_FSDP_V2LP_1)
                                                   0.00      0.05 r
  library hold time                                0.01      0.06
  data required time                                         0.06
  ------------------------------------------------------------------------
  data required time                                         0.06
  data arrival time                                         -0.11
  ------------------------------------------------------------------------
  slack (MET)                                                0.04



  Startpoint: u_issue/u_regfile/REGFILE.reg_r25_q_reg[29] (rising edge-triggered flip-flop clocked by clk_i)
  Endpoint: u_issue/u_regfile/REGFILE.reg_r25_q_reg[29] (rising edge-triggered flip-flop clocked by clk_i)
  Mode: default
  Corner: default
  Scenario: default
  Path Group: clk_i
  Path Type: min

  Point                                            Incr      Path  
  ------------------------------------------------------------------------
  clock clk_i (rise edge)                          0.00      0.00
  clock network delay (propagated)                 0.06      0.06

  u_issue/u_regfile/REGFILE.reg_r25_q_reg[29]/CK (SAEDHVT14_FSDP_V2LP_1)
                                                   0.00      0.06 r
  u_issue/u_regfile/REGFILE.reg_r25_q_reg[29]/QN (SAEDHVT14_FSDP_V2LP_1)
                                                   0.04      0.10 r
  ctmi_47883/X (SAEDHVT14_OAI22_0P5)               0.01      0.11 f
  u_issue/u_regfile/REGFILE.reg_r25_q_reg[29]/D (SAEDHVT14_FSDP_V2LP_1)
                                                   0.00      0.11 f
  data arrival time                                          0.11

  clock clk_i (rise edge)                          0.00      0.00
  clock network delay (propagated)                 0.06      0.06
  u_issue/u_regfile/REGFILE.reg_r25_q_reg[29]/CK (SAEDHVT14_FSDP_V2LP_1)
                                                   0.00      0.06 r
  library hold time                                0.01      0.07
  data required time                                         0.07
  ------------------------------------------------------------------------
  data required time                                         0.07
  data arrival time                                         -0.11
  ------------------------------------------------------------------------
  slack (MET)                                                0.04



  Startpoint: u_issue/u_regfile/REGFILE.reg_r22_q_reg[6] (rising edge-triggered flip-flop clocked by clk_i)
  Endpoint: u_issue/u_regfile/REGFILE.reg_r22_q_reg[6] (rising edge-triggered flip-flop clocked by clk_i)
  Mode: default
  Corner: default
  Scenario: default
  Path Group: clk_i
  Path Type: min

  Point                                            Incr      Path  
  ------------------------------------------------------------------------
  clock clk_i (rise edge)                          0.00      0.00
  clock network delay (propagated)                 0.07      0.07

  u_issue/u_regfile/REGFILE.reg_r22_q_reg[6]/CK (SAEDHVT14_FSDP_V2LP_1)
                                                   0.00      0.07 r
  u_issue/u_regfile/REGFILE.reg_r22_q_reg[6]/QN (SAEDHVT14_FSDP_V2LP_1)
                                                   0.04      0.12 r
  ctmi_47802/X (SAEDHVT14_OAI22_0P5)               0.01      0.13 f
  u_issue/u_regfile/REGFILE.reg_r22_q_reg[6]/D (SAEDHVT14_FSDP_V2LP_1)
                                                   0.00      0.13 f
  data arrival time                                          0.13

  clock clk_i (rise edge)                          0.00      0.00
  clock network delay (propagated)                 0.08      0.08
  u_issue/u_regfile/REGFILE.reg_r22_q_reg[6]/CK (SAEDHVT14_FSDP_V2LP_1)
                                                   0.00      0.08 r
  library hold time                                0.01      0.08
  data required time                                         0.08
  ------------------------------------------------------------------------
  data required time                                         0.08
  data arrival time                                         -0.13
  ------------------------------------------------------------------------
  slack (MET)                                                0.04


1
